// Jest Snapshot v1, https://goo.gl/fbAQLP

exports[`create.hbs should match the snapshot 1`] = `
"<form action="/podcasts/create" method="post" autocomplete="off" enctype="application/json">
  <div class="form-group col-md-6">
    <label>i18n:</label>
    <input type="text" class="form-control" name="title" required>
  </div>
  <div class="form-group col-md-6">
    <label>i18n:</label>
    <input type="text" class="form-control" name="author" required>
  </div>
  <div class="form-group col-md-6">
    <label>i18n:</label>
    <input type="text" class="form-control" name="video_id" required>
  </div>
  <div class="col-md-6">
    <input type="submit" value="i18n">
    <input type="reset">
  </div>
</form>
"
`;
