// Jest Snapshot v1, https://goo.gl/fbAQLP

exports[`member.hbs should match the snapshot 1`] = `
"<div class=\\"d-inline-block mr-3 pb-3 cursor-pointer\\" data-toggle=\\"modal\\" data-target=\\"#max\\">
  <img src=\\"img/logo.png\\" alt=\\"Max Muster\\" class=\\"img-fluid\\" style=\\"height: 160px; width: 160px;\\">
  <p class=\\"lead text-center\\">Max Muster</p>
</div>
<div id=\\"max\\" class=\\"modal fade\\" tabindex=\\"-1\\" role=\\"dialog\\" aria-labelledby=\\"maxLabel\\" aria-hidden=\\"true\\">
  <div class=\\"modal-dialog modal-lg\\" role=\\"document\\">
    <div class=\\"modal-content\\">
      <div class=\\"modal-header\\">
        <h3 class=\\"modal-title\\" id=\\"maxLabel\\">Max Muster</h3>
        <button type=\\"button\\" class=\\"close\\" data-dismiss=\\"modal\\" aria-label=\\"Close\\">
          <span aria-hidden=\\"true\\">&times;</span>
        </button>
      </div>
      <div class=\\"modal-body\\">
        <div class=\\"row mt-3 mb-3\\">
          <div class=\\"col-sm-3 pr-0 text-center mb-3\\">
            <img src=\\"img/logo.png\\" alt=\\"Max Muster\\" class=\\"\\" style=\\"width: 100%; height: auto; max-width: 160px\\">
          </div>
          <!-- left align text for desktop -->
          <div class=\\"col-sm-9 text-left d-none d-sm-block\\">
            Lorem ipsum.
          </div>
          <!-- center align text for mobile -->
          <div class=\\"col-sm-9 text-center d-sm-none\\">
            Lorem ipsum.
          </div>
        </div>
      </div>
      <div class=\\"modal-footer justify-content-around d-sm-none\\">
        <button type=\\"button\\" class=\\"btn btn-primary\\" data-dismiss=\\"modal\\">Close</button>
      </div>
    </div>
  </div>
</div>
"
`;
