// Jest Snapshot v1, https://goo.gl/fbAQLP

exports[`member.hbs should match the snapshot 1`] = `
"<div class=\\"d-inline-block cursor-pointer align-top mr-3 mb-3\\" data-toggle=\\"modal\\" data-target=\\"#max\\"
  style=\\"max-width: 160px\\">
  <img src=\\"img/logo.png\\" alt=\\"Max Muster\\" class=\\"img-fluid\\" style=\\"height: 160px; width: 160px;\\">
  <div class=\\"lead text-center\\">Max Muster</div>
</div>
<div id=\\"max\\" class=\\"modal fade\\" tabindex=\\"-1\\" role=\\"dialog\\" aria-labelledby=\\"maxLabel\\" aria-hidden=\\"true\\">
  <div class=\\"modal-dialog modal-lg\\" role=\\"document\\">
    <div class=\\"modal-content\\">
      <div class=\\"modal-header\\">
        <h3 class=\\"modal-title\\" id=\\"maxLabel\\">Max Muster</h3>
        <button type=\\"button\\" class=\\"close d-sm-none\\" data-dismiss=\\"modal\\" aria-label=\\"Close\\">
          <span aria-hidden=\\"true\\">&times;</span>
        </button>
      </div>
      <div class=\\"modal-body\\">
        <div class=\\"row mt-3 mb-3\\">
          <div class=\\"col-sm-3 pr-0 text-center mb-3\\">
            <img src=\\"img/logo.png\\" alt=\\"Max Muster\\" style=\\"width: 100%; height: auto; max-width: 160px\\" />
          </div>
          <div class=\\"col-sm-9 text-left\\">
            Lorem ipsum.
          </div>
        </div>
      </div>
      <div class=\\"modal-footer justify-content-around d-sm-none\\">
        <button type=\\"button\\" class=\\"btn btn-primary\\" data-dismiss=\\"modal\\">Schlie√üen</button>
      </div>
    </div>
  </div>
</div>
"
`;
