// Jest Snapshot v1, https://goo.gl/fbAQLP

exports[`footer.hbs should match the snapshot 1`] = `
"<footer class=\\"bg-secondary\\">
  <div class=\\"container\\">
    <div class=\\"row\\">
      <div class=\\"col-md-8\\">
        <ul class=\\"nav flex-column flex-sm-row\\">
          <li class=\\"nav-item\\">
            <a href=\\"/support\\" class=\\"nav-link text-light\\">i18n</a>
          </li>
          <li class=\\"nav-item\\">
            <a href=\\"/contact\\" class=\\"nav-link text-light\\">i18n</a>
          </li>
          <li class=\\"nav-item\\">
            <a href=\\"/subscribe\\" class=\\"nav-link text-light\\">i18n</a>
          </li>
          <li class=\\"nav-item\\">
            <a href=\\"/partners\\" class=\\"nav-link text-light\\">i18n</a>
          </li>
          <li class=\\"nav-item\\">
            <a href=\\"/friends\\" class=\\"nav-link text-light\\">i18n</a>
          </li>
          <li class=\\"nav-item\\">
            <a href=\\"/impressum\\" class=\\"nav-link text-light\\">i18n</a>
          </li>
        </ul>
      </div>
      <div class=\\"col-md-4\\">
        <ul class=\\"nav justify-content-end\\">
          <li class=\\"nav-item\\">
            <a href=\\"https://www.facebook.com/dielernwerkstatt/\\" aria-label=\\"Unsere Facebook Seite\\"
              class=\\"nav-link text-light\\">
              <span class=\\"fab fa-facebook\\"></span>
            </a>
          </li>
          <li class=\\"nav-item\\">
            <a href=\\"https://www.instagram.com/die_lernwerkstatt\\" aria-label=\\"Unser Instagram Feed\\"
              class=\\"nav-link text-light\\">
              <span class=\\"fab fa-instagram\\"></span>
            </a>
          </li>
          <li class=\\"nav-item\\">
            <a href=\\"mailto:info@die-lernwerkstatt.org\\" aria-label=\\"Schreib uns eine Email\\" class=\\"nav-link text-light\\">
              <span class=\\"far fa-envelope\\"></span>
            </a>
          </li>
        </ul>
      </div>
    </div>
  </div>
</footer>
"
`;
