// Jest Snapshot v1, https://goo.gl/fbAQLP

exports[`cardModal.hbs should match the snapshot 1`] = `
"<div class="card mb-3 easy cursor-pointer position-relative border-0">
  <a href="#" data-toggle="modal" data-target="#"
    class="home-card card-body d-flex flex-column align-items-center justify-content-end text-decoration-none"
    style="background-image: url(); background-position: center; background-size: cover">
    <h3 class="d-inline-block p-2 text-dark bg-light">Aktuelles</h3>
    <p class="d-inline-block p-2 text-dark bg-light">Lorem ipsum dolor sit amet consectetur adipisicing elit. Veritatis ea consequatur quibusdam sint laboriosam voluptates.</p>
    <span class="home-card-badge badge badge-light position-absolute"></span>
  </a>
</div>
"
`;
