// Jest Snapshot v1, https://goo.gl/fbAQLP

exports[`modal.hbs should match the snapshot 1`] = `
"<div class=\\"modal fade\\" id=\\"\\" tabindex=\\"-1\\" role=\\"dialog\\" aria-labelledby=\\"\\" aria-hidden=\\"true\\">
  <div class=\\"modal-dialog modal-dialog-scrollable\\" role=\\"document\\">
    <div class=\\"modal-content\\">
      <div class=\\"modal-header\\">
        <a href=\\"\\" target=\\"_blank\\">
          <img class=\\"mw-100\\" src=\\"\\" alt=\\"\\">
        </a>
      </div>
      <div class=\\"modal-body text-dark\\">
        <h4 class=\\"mb-3\\" id=\\"\\">
          
        </h4>
        <p>
           Uhr
        </p>
        <p>
          
        </p>
      </div>
      <div class=\\"modal-footer\\">
        <button type=\\"button\\" class=\\"btn btn-secondary\\"><a class=\\"buttonlink\\" href=\\"\\" target=\\"_blank\\">
            Mehr Infos auf Facebook</a></button>
        <button type=\\"button\\" class=\\"btn btn-secondary\\" data-dismiss=\\"modal\\">Schlie√üen</button>
      </div>
    </div>
  </div>
</div>
"
`;
